// Jest Snapshot v1, https://goo.gl/fbAQLP

exports[`SortTypeSelect component should be rendered with default props 1`] = `
<div>
  <span>
    Sort by:
  </span>
  <Button
    className="sort-type__button"
    isActive={false}
    key="unique1"
    onClickHandler={[Function]}
    textValue="release date"
    value="release_date"
  />
  <Button
    className="sort-type__button"
    isActive={false}
    key="unique2"
    onClickHandler={[Function]}
    textValue="rating"
    value="rating"
  />
</div>
`;
