// Jest Snapshot v1, https://goo.gl/fbAQLP

exports[`SortTypeSelect component should be rendered with default props 1`] = `
<div>
  <span>
    Sort by:
  </span>
  <Button
    className="sort-type__button"
    isActive={false}
    key="3dae2210-562d-11e9-a5ae-9b63a4c17097"
    onClickHandler={[Function]}
    textValue="release date"
    value="release date"
  />
  <Button
    className="sort-type__button"
    isActive={false}
    key="3dae2211-562d-11e9-a5ae-9b63a4c17097"
    onClickHandler={[Function]}
    textValue="rating"
    value="rating"
  />
</div>
`;
