// Jest Snapshot v1, https://goo.gl/fbAQLP

exports[`SortTypeSelect component should be rendered with default props 1`] = `
<div>
  <span>
    Sort by:
  </span>
  <Button
    className="sort-type__button"
    isActive={false}
    key="4b2cc020-5c6f-11e9-b5bd-f1f2c4194524"
    onClickHandler={[Function]}
    textValue="release date"
    value="release date"
  />
  <Button
    className="sort-type__button"
    isActive={false}
    key="4b2cc021-5c6f-11e9-b5bd-f1f2c4194524"
    onClickHandler={[Function]}
    textValue="rating"
    value="rating"
  />
</div>
`;
